PS C:\Users\Scott\OneDrive\Dokumente\moderne Softwareentwicklung\MSWT-DVCS> git status
On branch MTCH-1
Untracked files:
  (use "git add <file>..." to include in what will be committed)
        Git_Screenshot_1.png
        Git_Screenshot_2.png
        Git_Screenshot_3.png
        Git_Screenshot_4.png
        Git_Screenshot_5.png
        Test_1.txt

nothing added to commit but untracked files present (use "git add" to track)
PS C:\Users\Scott\OneDrive\Dokumente\moderne Softwareentwicklung\MSWT-DVCS> git mv Test_1.txt
usage: git mv [<options>] <source>... <destination>

    -v, --[no-]verbose    be verbose
    -n, --[no-]dry-run    dry run
    -f, --[no-]force      force move/rename even if target exists
    -k                    skip move/rename errors
    --[no-]sparse         allow updating entries outside of the sparse-checkout cone

PS C:\Users\Scott\OneDrive\Dokumente\moderne Softwareentwicklung\MSWT-DVCS> git checkout main
Switched to branch 'main'
Your branch is up to date with 'origin/main'.
PS C:\Users\Scott\OneDrive\Dokumente\moderne Softwareentwicklung\MSWT-DVCS> git add .
PS C:\Users\Scott\OneDrive\Dokumente\moderne Softwareentwicklung\MSWT-DVCS> git status
On branch main
Your branch is up to date with 'origin/main'.

Changes to be committed:
  (use "git restore --staged <file>..." to unstage)
        new file:   Git_Screenshot_1.png
        new file:   Git_Screenshot_2.png
        new file:   Git_Screenshot_3.png
        new file:   Git_Screenshot_4.png
        new file:   Git_Screenshot_5.png
        new file:   Test_1.txt

PS C:\Users\Scott\OneDrive\Dokumente\moderne Softwareentwicklung\MSWT-DVCS> git rm Test_1.txt
error: the following file has changes staged in the index:
    Test_1.txt
(use --cached to keep the file, or -f to force removal)
PS C:\Users\Scott\OneDrive\Dokumente\moderne Softwareentwicklung\MSWT-DVCS> git rm Test_1.txt -f
rm 'Test_1.txt'
PS C:\Users\Scott\OneDrive\Dokumente\moderne Softwareentwicklung\MSWT-DVCS> git status
On branch main
Your branch is up to date with 'origin/main'.

Changes to be committed:
  (use "git restore --staged <file>..." to unstage)
        new file:   Git_Screenshot_1.png
        new file:   Git_Screenshot_2.png
        new file:   Git_Screenshot_3.png
        new file:   Git_Screenshot_4.png
        new file:   Git_Screenshot_5.png

PS C:\Users\Scott\OneDrive\Dokumente\moderne Softwareentwicklung\MSWT-DVCS> git commit -m "Screenshot history has been added"
[main 61792d2] Screenshot history has been added
 5 files changed, 0 insertions(+), 0 deletions(-)
 create mode 100644 Git_Screenshot_1.png
 create mode 100644 Git_Screenshot_2.png
 create mode 100644 Git_Screenshot_3.png
 create mode 100644 Git_Screenshot_4.png
 create mode 100644 Git_Screenshot_5.png
PS C:\Users\Scott\OneDrive\Dokumente\moderne Softwareentwicklung\MSWT-DVCS> git push origin main
To https://github.com/AcottSlbers/MSWT-DVCS.git
 ! [rejected]        main -> main (fetch first)
error: failed to push some refs to 'https://github.com/AcottSlbers/MSWT-DVCS.git'
hint: Updates were rejected because the remote contains work that you do not
hint: have locally. This is usually caused by another repository pushing to
hint: the same ref. If you want to integrate the remote changes, use
hint: 'git pull' before pushing again.
hint: See the 'Note about fast-forwards' in 'git push --help' for details.
PS C:\Users\Scott\OneDrive\Dokumente\moderne Softwareentwicklung\MSWT-DVCS> git pull origin main
remote: Enumerating objects: 1, done.
remote: Counting objects: 100% (1/1), done.
remote: Total 1 (delta 0), reused 0 (delta 0), pack-reused 0
Unpacking objects: 100% (1/1), 645 bytes | 215.00 KiB/s, done.
From https://github.com/AcottSlbers/MSWT-DVCS
 * branch            main       -> FETCH_HEAD
   d780bdd..732eedf  main       -> origin/main
Merge made by the 'ort' strategy.
 index.html     | 25 +++++++++++++++++++
 matchesGame.js | 78 ++++++++++++++++++++++++++++++++++++++++++++++++++++++++++
 style.css      | 71 ++++++++++++++++++++++++++++++++++++++++++++++++++++
 3 files changed, 174 insertions(+)
 create mode 100644 index.html
 create mode 100644 matchesGame.js
 create mode 100644 style.css
PS C:\Users\Scott\OneDrive\Dokumente\moderne Softwareentwicklung\MSWT-DVCS> git push origin main
Enumerating objects: 11, done.
Counting objects: 100% (11/11), done.
Delta compression using up to 8 threads
Compressing objects: 100% (9/9), done.
Writing objects: 100% (9/9), 686.44 KiB | 18.06 MiB/s, done.
Total 9 (delta 1), reused 0 (delta 0), pack-reused 0
remote: Resolving deltas: 100% (1/1), done.
To https://github.com/AcottSlbers/MSWT-DVCS.git
   732eedf..c6000af  main -> main
PS C:\Users\Scott\OneDrive\Dokumente\moderne Softwareentwicklung\MSWT-DVCS> git status
On branch main
Your branch is up to date with 'origin/main'.

nothing to commit, working tree clean
PS C:\Users\Scott\OneDrive\Dokumente\moderne Softwareentwicklung\MSWT-DVCS> git checkout MTCH-1
Switched to branch 'MTCH-1'
PS C:\Users\Scott\OneDrive\Dokumente\moderne Softwareentwicklung\MSWT-DVCS> git pull origin main
From https://github.com/AcottSlbers/MSWT-DVCS
 * branch            main       -> FETCH_HEAD
Updating 1c22d0f..c6000af
Fast-forward
 Git_Screenshot_1.png | Bin 0 -> 171279 bytes
 Git_Screenshot_2.png | Bin 0 -> 122895 bytes
 Git_Screenshot_3.png | Bin 0 -> 288568 bytes
 Git_Screenshot_4.png | Bin 0 -> 158151 bytes
 Git_Screenshot_5.png | Bin 0 -> 27817 bytes
 5 files changed, 0 insertions(+), 0 deletions(-)
 create mode 100644 Git_Screenshot_1.png
 create mode 100644 Git_Screenshot_2.png
 create mode 100644 Git_Screenshot_3.png
 create mode 100644 Git_Screenshot_4.png
 create mode 100644 Git_Screenshot_5.png
PS C:\Users\Scott\OneDrive\Dokumente\moderne Softwareentwicklung\MSWT-DVCS> git status
On branch MTCH-1
nothing to commit, working tree clean
PS C:\Users\Scott\OneDrive\Dokumente\moderne Softwareentwicklung\MSWT-DVCS> git log
commit c6000af3e9d3a9d9a33ef420c0e9fb6dd0e83e7e (HEAD -> MTCH-1, origin/main, origin/HEAD, main)
Merge: 61792d2 732eedf
Author: AcottSlbers <scott.albers@stud.th-luebeck.de>
Date:   Sun Dec 10 19:09:38 2023 +0100

    Merge branch 'main' of https://github.com/AcottSlbers/MSWT-DVCS

commit 61792d2bb837e9ba84d03917033d5daa37ca905c
Author: AcottSlbers <scott.albers@stud.th-luebeck.de>
Date:   Sun Dec 10 19:09:05 2023 +0100

    Screenshot history has been added

commit 732eedf5b2b3bbc65fef82c951531b909cc9d967
Merge: d780bdd 1c22d0f
Author: AcottSlbers <131689970+AcottSlbers@users.noreply.github.com>
Date:   Sun Dec 10 19:04:11 2023 +0100

    Merge pull request #1 from AcottSlbers/MTCH-1

    Index.html basic JS and CSS added to repo

commit 1c22d0f3dc2a179ff21083793b2e777602362308 (origin/MTCH-1)
Author: scott <scott.albers@stud.th-luebeck.de>
Date:   Sun Dec 10 17:23:03 2023 +0100

    Index.html basic JS and CSS added to repo

commit d780bdd6c8fd0f1afe0c97d38feba070345fdcc4
Author: AcottSlbers <131689970+AcottSlbers@users.noreply.github.com>
Date:   Sun Dec 10 16:57:44 2023 +0100

    Initial commit
PS C:\Users\Scott\OneDrive\Dokumente\moderne Softwareentwicklung\MSWT-DVCS> git log commit 61792d2bb837e9ba84d03917033d5daa37ca905c
fatal: ambiguous argument 'commit': unknown revision or path not in the working tree.
Use '--' to separate paths from revisions, like this:
'git <command> [<revision>...] -- [<file>...]'
PS C:\Users\Scott\OneDrive\Dokumente\moderne Softwareentwicklung\MSWT-DVCS> git log -1 61792d2bb837e9ba84d03917033d5daa37ca905c
>>
commit 61792d2bb837e9ba84d03917033d5daa37ca905c
Author: AcottSlbers <scott.albers@stud.th-luebeck.de>
Date:   Sun Dec 10 19:09:05 2023 +0100

    Screenshot history has been added
PS C:\Users\Scott\OneDrive\Dokumente\moderne Softwareentwicklung\MSWT-DVCS> git log -1 61792d2bb837e9ba84d03917033d5daa37ca905c
commit 61792d2bb837e9ba84d03917033d5daa37ca905c
Author: AcottSlbers <scott.albers@stud.th-luebeck.de>
Date:   Sun Dec 10 19:09:05 2023 +0100

    Screenshot history has been added
PS C:\Users\Scott\OneDrive\Dokumente\moderne Softwareentwicklung\MSWT-DVCS> git checkout 61792d2bb837e9ba84d03917033d5daa37ca905c
Note: switching to '61792d2bb837e9ba84d03917033d5daa37ca905c'.

You are in 'detached HEAD' state. You can look around, make experimental
changes and commit them, and you can discard any commits you make in this
state without impacting any branches by switching back to a branch.

If you want to create a new branch to retain commits you create, you may
do so (now or later) by using -c with the switch command. Example:

  git switch -c <new-branch-name>

Or undo this operation with:

  git switch -

Turn off this advice by setting config variable advice.detachedHead to false

HEAD is now at 61792d2 Screenshot history has been added
PS C:\Users\Scott\OneDrive\Dokumente\moderne Softwareentwicklung\MSWT-DVCS> git status
HEAD detached at 61792d2
nothing to commit, working tree clean
PS C:\Users\Scott\OneDrive\Dokumente\moderne Softwareentwicklung\MSWT-DVCS> git checkout -b MTCH-1.1                    
Switched to a new branch 'MTCH-1.1'
PS C:\Users\Scott\OneDrive\Dokumente\moderne Softwareentwicklung\MSWT-DVCS> 